strnstr, 
putstr_fd, 
lstadd_back, 
isprint, 
memcmp, 
strchr, 
strtrim, 
memchr, 
ft_memcmp, 
ft_strnstr, 
ft_lstsize, 
atoi, 
ft_strrchr, 
lstiter, 
ft_bzero, 
putchar_fd, 
ft_lstlast, 
strrchr, 
strjoin